2000-01-01T00:00:00.000000Z - 946684800 = true
2021-02-18T20:55:23.421337Z - 1613681723 = true
2017-11-03T10:30:00.000000Z - 1509705000 = true
2012-08-06T05:17:57.042133Z - 1344230277 = true
2021-02-18T20:55:23.421337Z was after 2012-08-06T05:17:57.042133Z
2017-11-03T10:30:00.000000Z was after 2000-01-01T00:00:00.000000Z
2012-08-06T05:17:57.042133Z was before 2017-11-03T10:30:00.000000Z
2000-01-01T00:00:00.000000Z was before 2021-02-18T20:55:23.421337Z
Friday, November 3, 2017
