 - Foo #8 = 42
 - Foo #10 = 23
 - Foo #12 = 7
 - Foo #4 = 666
 - Foo #6 = 3
 - Foo #7 = 5

