printf("%c", 0x7f) = 1
 -> ""

printf("+%s+", "hello") = 7
 -> "+hello+"

printf("+%d+", 10) = 4
 -> "+10+"

printf("%c", 'a') = 1
 -> "a"

printf("%c", 34) = 1
 -> """

printf("%c", 36) = 1
 -> "$"

printf("%d", 10) = 2
 -> "10"

printf("%%10x", 42) = 4
 -> "%10x"

printf("%3s", "foobar") = 6
 -> "foobar"

printf("%32s", "foobar") = 32
 -> "                          foobar"

printf("%.s", "foobar") = 0
 -> ""

printf("%.3s", "foobar") = 3
 -> "foo"

printf("%.*s", 3, "foobar") = 3
 -> "foo"

printf("% d", 42) = 3
 -> " 42"

printf("% d", -42) = 3
 -> "-42"

printf("% 5d", 42) = 5
 -> "   42"

printf("% 5d", -42) = 5
 -> "  -42"

printf("% 15d", 42) = 15
 -> "             42"

printf("% 15d", -42) = 15
 -> "            -42"

printf("%+d", 42) = 3
 -> "+42"

printf("%+d", -42) = 3
 -> "-42"

printf("%+5d", 42) = 5
 -> "  +42"

printf("%+5d", -42) = 5
 -> "  -42"

printf("%+15d", 42) = 15
 -> "            +42"

printf("%+15d", -42) = 15
 -> "            -42"

printf("%0d", 42) = 2
 -> "42"

printf("%0d", -42) = 3
 -> "-42"

printf("%05d", 42) = 5
 -> "00042"

printf("%05d", -42) = 5
 -> "-0042"

printf("%015d", 42) = 15
 -> "000000000000042"

printf("%015d", -42) = 15
 -> "-00000000000042"

printf("%-d", 42) = 2
 -> "42"

printf("%-d", -42) = 3
 -> "-42"

printf("%-5d", 42) = 5
 -> "42   "

printf("%-5d", -42) = 5
 -> "-42  "

printf("%-15d", 42) = 15
 -> "42             "

printf("%-15d", -42) = 15
 -> "-42            "

printf("%-0d", 42) = 2
 -> "42"

printf("%-0d", -42) = 3
 -> "-42"

printf("%-05d", 42) = 5
 -> "42   "

printf("%-05d", -42) = 5
 -> "-42  "

printf("%-015d", 42) = 15
 -> "42             "

printf("%-015d", -42) = 15
 -> "-42            "

printf("%0-d", 42) = 2
 -> "42"

printf("%0-d", -42) = 3
 -> "-42"

printf("%0-5d", 42) = 5
 -> "42   "

printf("%0-5d", -42) = 5
 -> "-42  "

printf("%0-15d", 42) = 15
 -> "42             "

printf("%0-15d", -42) = 15
 -> "-42            "

printf("%*s", 4, "foo") = 4
 -> " foo"

printf("+%s+", "hello") = 7
 -> "+hello+"

printf("+%d+", 10) = 4
 -> "+10+"

printf("%c", 'a') = 1
 -> "a"

printf("%c", 32) = 1
 -> " "

printf("%c", 36) = 1
 -> "$"

printf("%d", 10) = 2
 -> "10"

printf("%d", 0) = 1
 -> "0"

printf("%+8lld", 100LL) = 8
 -> "    +100"

printf("%+.8lld", 100LL) = 9
 -> "+00000100"

printf("%+10.8lld", 100LL) = 10
 -> " +00000100"

printf("%-1.5lld", -100LL) = 6
 -> "-00100"

printf("%5lld", 100LL) = 5
 -> "  100"

printf("%5lld", -100LL) = 5
 -> " -100"

printf("%-5lld", 100LL) = 5
 -> "100  "

printf("%-5lld", -100LL) = 5
 -> "-100 "

printf("%-.5lld", 100LL) = 5
 -> "00100"

printf("%-.5lld", -100LL) = 6
 -> "-00100"

printf("%-8.5lld", 100LL) = 8
 -> "00100   "

printf("%-8.5lld", -100LL) = 8
 -> "-00100  "

printf("%05lld", 100LL) = 5
 -> "00100"

printf("%05lld", -100LL) = 5
 -> "-0100"

printf("% lld", 100LL) = 4
 -> " 100"

printf("% lld", -100LL) = 4
 -> "-100"

printf("% 5lld", 100LL) = 5
 -> "  100"

printf("% 5lld", -100LL) = 5
 -> " -100"

printf("% .5lld", 100LL) = 6
 -> " 00100"

printf("% .5lld", -100LL) = 6
 -> "-00100"

printf("% 8.5lld", 100LL) = 8
 -> "   00100"

printf("% 8.5lld", -100LL) = 8
 -> "  -00100"

printf("%.0lld", 0LL) = 0
 -> ""

printf("%#+21.18llx", -100LL) = 21
 -> " 0x00ffffffffffffff9c"

printf("%#.25llo", -100LL) = 25
 -> "0001777777777777777777634"

printf("%#+24.20llo", -100LL) = 24
 -> " 01777777777777777777634"

printf("%#+18.21llX", -100LL) = 23
 -> "0X00000FFFFFFFFFFFFFF9C"

printf("%#+20.24llo", -100LL) = 24
 -> "001777777777777777777634"

printf("%#+25.22llu", -1LL) = 25
 -> "   0018446744073709551615"

printf("%#+25.22llu", -1LL) = 25
 -> "   0018446744073709551615"

printf("%#+30.25llu", -1LL) = 30
 -> "     0000018446744073709551615"

printf("%+#25.22lld", -1LL) = 25
 -> "  -0000000000000000000001"

printf("%#-8.5llo", 100LL) = 8
 -> "00144   "

printf("%#-+ 08.5lld", 100LL) = 8
 -> "+00100  "

printf("%#-+ 08.5lld", 100LL) = 8
 -> "+00100  "

printf("%.40lld", 1LL) = 40
 -> "0000000000000000000000000000000000000001"

printf("% .40lld", 1LL) = 41
 -> " 0000000000000000000000000000000000000001"

printf("% .40d", 1) = 41
 -> " 0000000000000000000000000000000000000001"

printf("%I", 1) = 2
 -> "%I"

printf("%I0d", 1) = 1
 -> "1"

printf("%I32d", 1) = 32
 -> "                               1"

printf("%llD", -1LL) = 4
 -> "%llD"

printf("% d", 1) = 2
 -> " 1"

printf("%+ d", 1) = 2
 -> "+1"

printf("%04c", '1') = 4
 -> "0001"

printf("%-04c", '1') = 4
 -> "1   "

printf("%#012x", 1) = 12
 -> "0x0000000001"

printf("%#04.8x", 1) = 10
 -> "0x00000001"

printf("%#-08.2x", 1) = 8
 -> "0x01    "

printf("%#08o", 1) = 8
 -> "00000001"

printf("%s", nullptr) = 6
 -> "(null)"

printf("%10s", nullptr) = 10
 -> "    (null)"

printf("%p", nullptr) = 5
 -> "(nil)"

printf("%010p", nullptr) = 10
 -> "     (nil)"

printf("%p", (void*)57) = 4
 -> "0x39"

printf("%#020p", (void*)57) = 20
 -> "0x000000000000000039"

printf("%#-020p", (void*)57) = 20
 -> "0x39                "

printf("%#012p", (void*)57) = 12
 -> "0x0000000039"

printf("%#-012p", (void*)57) = 12
 -> "0x39        "

printf("%04s", "foo") = 4
 -> "0foo"

printf("%.1s", "foo") = 1
 -> "f"

printf("%.*s", 1, "foo") = 1
 -> "f"

printf("%*s", -5, "foo") = 5
 -> "foo  "

printf("hello") = 5
 -> "hello"

printf("%3c", 'a') = 3
 -> "  a"

printf("%3d", 1234) = 4
 -> "1234"

printf("%-1d", 2) = 1
 -> "2"

printf("%-i", -1) = 2
 -> "-1"

printf("%-i", 1) = 1
 -> "1"

printf("%+i", 1) = 2
 -> "+1"

printf("%o", 10) = 2
 -> "12"

printf("%s", 0) = 6
 -> "(null)"

printf("%s", "%%%%") = 4
 -> "%%%%"

printf("%u", -1) = 10
 -> "4294967295"

printf("%%0") = 2
 -> "%0"

printf("Hallo heimur") = 12
 -> "Hallo heimur"

printf("%s", "Hallo heimur") = 12
 -> "Hallo heimur"

printf("%d", 1024) = 4
 -> "1024"

printf("%d", -1024) = 5
 -> "-1024"

printf("%i", 1024) = 4
 -> "1024"

printf("%i", -1024) = 5
 -> "-1024"

printf("%u", 1024) = 4
 -> "1024"

printf("%u", 4294966272U) = 10
 -> "4294966272"

printf("%o", 511) = 3
 -> "777"

printf("%o", 4294966785U) = 11
 -> "37777777001"

printf("%x", 305441741) = 8
 -> "1234abcd"

printf("%x", 3989525555U) = 8
 -> "edcb5433"

printf("%X", 305441741) = 8
 -> "1234ABCD"

printf("%X", 3989525555U) = 8
 -> "EDCB5433"

printf("%c", 'x') = 1
 -> "x"

printf("%%") = 1
 -> "%"

printf("%+s", "Hallo heimur") = 12
 -> "Hallo heimur"

printf("%+d", 1024) = 5
 -> "+1024"

printf("%+d", -1024) = 5
 -> "-1024"

printf("%+i", 1024) = 5
 -> "+1024"

printf("%+i", -1024) = 5
 -> "-1024"

printf("%+u", 1024) = 4
 -> "1024"

printf("%+u", 4294966272U) = 10
 -> "4294966272"

printf("%+o", 511) = 3
 -> "777"

printf("%+o", 4294966785U) = 11
 -> "37777777001"

printf("%+x", 305441741) = 8
 -> "1234abcd"

printf("%+x", 3989525555U) = 8
 -> "edcb5433"

printf("%+X", 305441741) = 8
 -> "1234ABCD"

printf("%+X", 3989525555U) = 8
 -> "EDCB5433"

printf("%+c", 'x') = 1
 -> "x"

printf("% s", "Hallo heimur") = 12
 -> "Hallo heimur"

printf("% d", 1024) = 5
 -> " 1024"

printf("% d", -1024) = 5
 -> "-1024"

printf("% i", 1024) = 5
 -> " 1024"

printf("% i", -1024) = 5
 -> "-1024"

printf("% u", 1024) = 4
 -> "1024"

printf("% u", 4294966272U) = 10
 -> "4294966272"

printf("% o", 511) = 3
 -> "777"

printf("% o", 4294966785U) = 11
 -> "37777777001"

printf("% x", 305441741) = 8
 -> "1234abcd"

printf("% x", 3989525555U) = 8
 -> "edcb5433"

printf("% X", 305441741) = 8
 -> "1234ABCD"

printf("% X", 3989525555U) = 8
 -> "EDCB5433"

printf("% c", 'x') = 1
 -> "x"

printf("%+ s", "Hallo heimur") = 12
 -> "Hallo heimur"

printf("%+ d", 1024) = 5
 -> "+1024"

printf("%+ d", -1024) = 5
 -> "-1024"

printf("%+ i", 1024) = 5
 -> "+1024"

printf("%+ i", -1024) = 5
 -> "-1024"

printf("%+ u", 1024) = 4
 -> "1024"

printf("%+ u", 4294966272U) = 10
 -> "4294966272"

printf("%+ o", 511) = 3
 -> "777"

printf("%+ o", 4294966785U) = 11
 -> "37777777001"

printf("%+ x", 305441741) = 8
 -> "1234abcd"

printf("%+ x", 3989525555U) = 8
 -> "edcb5433"

printf("%+ X", 305441741) = 8
 -> "1234ABCD"

printf("%+ X", 3989525555U) = 8
 -> "EDCB5433"

printf("%+ c", 'x') = 1
 -> "x"

printf("%#o", 511) = 4
 -> "0777"

printf("%#o", 4294966785U) = 12
 -> "037777777001"

printf("%#x", 305441741) = 10
 -> "0x1234abcd"

printf("%#x", 3989525555U) = 10
 -> "0xedcb5433"

printf("%#X", 305441741) = 10
 -> "0X1234ABCD"

printf("%#X", 3989525555U) = 10
 -> "0XEDCB5433"

printf("%#o", 0U) = 1
 -> "0"

printf("%#x", 0U) = 3
 -> "0x0"

printf("%#X", 0U) = 3
 -> "0X0"

printf("%1s", "Hallo heimur") = 12
 -> "Hallo heimur"

printf("%1d", 1024) = 4
 -> "1024"

printf("%1d", -1024) = 5
 -> "-1024"

printf("%1i", 1024) = 4
 -> "1024"

printf("%1i", -1024) = 5
 -> "-1024"

printf("%1u", 1024) = 4
 -> "1024"

printf("%1u", 4294966272U) = 10
 -> "4294966272"

printf("%1o", 511) = 3
 -> "777"

printf("%1o", 4294966785U) = 11
 -> "37777777001"

printf("%1x", 305441741) = 8
 -> "1234abcd"

printf("%1x", 3989525555U) = 8
 -> "edcb5433"

printf("%1X", 305441741) = 8
 -> "1234ABCD"

printf("%1X", 3989525555U) = 8
 -> "EDCB5433"

printf("%1c", 'x') = 1
 -> "x"

printf("%20s", "Hallo") = 20
 -> "               Hallo"

printf("%20d", 1024) = 20
 -> "                1024"

printf("%20d", -1024) = 20
 -> "               -1024"

printf("%20i", 1024) = 20
 -> "                1024"

printf("%20i", -1024) = 20
 -> "               -1024"

printf("%20u", 1024) = 20
 -> "                1024"

printf("%20u", 4294966272U) = 20
 -> "          4294966272"

printf("%20o", 511) = 20
 -> "                 777"

printf("%20o", 4294966785U) = 20
 -> "         37777777001"

printf("%20x", 305441741) = 20
 -> "            1234abcd"

printf("%20x", 3989525555U) = 20
 -> "            edcb5433"

printf("%20X", 305441741) = 20
 -> "            1234ABCD"

printf("%20X", 3989525555U) = 20
 -> "            EDCB5433"

printf("%20c", 'x') = 20
 -> "                   x"

printf("%-20s", "Hallo") = 20
 -> "Hallo               "

printf("%-20d", 1024) = 20
 -> "1024                "

printf("%-20d", -1024) = 20
 -> "-1024               "

printf("%-20i", 1024) = 20
 -> "1024                "

printf("%-20i", -1024) = 20
 -> "-1024               "

printf("%-20u", 1024) = 20
 -> "1024                "

printf("%-20u", 4294966272U) = 20
 -> "4294966272          "

printf("%-20o", 511) = 20
 -> "777                 "

printf("%-20o", 4294966785U) = 20
 -> "37777777001         "

printf("%-20x", 305441741) = 20
 -> "1234abcd            "

printf("%-20x", 3989525555U) = 20
 -> "edcb5433            "

printf("%-20X", 305441741) = 20
 -> "1234ABCD            "

printf("%-20X", 3989525555U) = 20
 -> "EDCB5433            "

printf("%-20c", 'x') = 20
 -> "x                   "

printf("%020d", 1024) = 20
 -> "00000000000000001024"

printf("%020d", -1024) = 20
 -> "-0000000000000001024"

printf("%020i", 1024) = 20
 -> "00000000000000001024"

printf("%020i", -1024) = 20
 -> "-0000000000000001024"

printf("%020u", 1024) = 20
 -> "00000000000000001024"

printf("%020u", 4294966272U) = 20
 -> "00000000004294966272"

printf("%020o", 511) = 20
 -> "00000000000000000777"

printf("%020o", 4294966785U) = 20
 -> "00000000037777777001"

printf("%020x", 305441741) = 20
 -> "0000000000001234abcd"

printf("%020x", 3989525555U) = 20
 -> "000000000000edcb5433"

printf("%020X", 305441741) = 20
 -> "0000000000001234ABCD"

printf("%020X", 3989525555U) = 20
 -> "000000000000EDCB5433"

printf("%#20o", 511) = 20
 -> "                0777"

printf("%#20o", 4294966785U) = 20
 -> "        037777777001"

printf("%#20x", 305441741) = 20
 -> "          0x1234abcd"

printf("%#20x", 3989525555U) = 20
 -> "          0xedcb5433"

printf("%#20X", 305441741) = 20
 -> "          0X1234ABCD"

printf("%#20X", 3989525555U) = 20
 -> "          0XEDCB5433"

printf("%#020o", 511) = 20
 -> "00000000000000000777"

printf("%#020o", 4294966785U) = 20
 -> "00000000037777777001"

printf("%#020x", 305441741) = 20
 -> "0x00000000001234abcd"

printf("%#020x", 3989525555U) = 20
 -> "0x0000000000edcb5433"

printf("%#020X", 305441741) = 20
 -> "0X00000000001234ABCD"

printf("%#020X", 3989525555U) = 20
 -> "0X0000000000EDCB5433"

printf("%0-20s", "Hallo") = 20
 -> "Hallo               "

printf("%0-20d", 1024) = 20
 -> "1024                "

printf("%0-20d", -1024) = 20
 -> "-1024               "

printf("%0-20i", 1024) = 20
 -> "1024                "

printf("%0-20i", -1024) = 20
 -> "-1024               "

printf("%0-20u", 1024) = 20
 -> "1024                "

printf("%0-20u", 4294966272U) = 20
 -> "4294966272          "

printf("%-020o", 511) = 20
 -> "777                 "

printf("%-020o", 4294966785U) = 20
 -> "37777777001         "

printf("%-020x", 305441741) = 20
 -> "1234abcd            "

printf("%-020x", 3989525555U) = 20
 -> "edcb5433            "

printf("%-020X", 305441741) = 20
 -> "1234ABCD            "

printf("%-020X", 3989525555U) = 20
 -> "EDCB5433            "

printf("%-020c", 'x') = 20
 -> "x                   "

printf("%*s", 20, "Hallo") = 20
 -> "               Hallo"

printf("%*d", 20, 1024) = 20
 -> "                1024"

printf("%*d", 20, -1024) = 20
 -> "               -1024"

printf("%*i", 20, 1024) = 20
 -> "                1024"

printf("%*i", 20, -1024) = 20
 -> "               -1024"

printf("%*u", 20, 1024) = 20
 -> "                1024"

printf("%*u", 20, 4294966272U) = 20
 -> "          4294966272"

printf("%*o", 20, 511) = 20
 -> "                 777"

printf("%*o", 20, 4294966785U) = 20
 -> "         37777777001"

printf("%*x", 20, 305441741) = 20
 -> "            1234abcd"

printf("%*x", 20, 3989525555U) = 20
 -> "            edcb5433"

printf("%*X", 20, 305441741) = 20
 -> "            1234ABCD"

printf("%*X", 20, 3989525555U) = 20
 -> "            EDCB5433"

printf("%*c", 20, 'x') = 20
 -> "                   x"

printf("%.20s", "Hallo heimur") = 12
 -> "Hallo heimur"

printf("%.20d", 1024) = 20
 -> "00000000000000001024"

printf("%.20d", -1024) = 21
 -> "-00000000000000001024"

printf("%.20i", 1024) = 20
 -> "00000000000000001024"

printf("%.20i", -1024) = 21
 -> "-00000000000000001024"

printf("%.20u", 1024) = 20
 -> "00000000000000001024"

printf("%.20u", 4294966272U) = 20
 -> "00000000004294966272"

printf("%.20o", 511) = 20
 -> "00000000000000000777"

printf("%.20o", 4294966785U) = 20
 -> "00000000037777777001"

printf("%.20x", 305441741) = 20
 -> "0000000000001234abcd"

printf("%.20x", 3989525555U) = 20
 -> "000000000000edcb5433"

printf("%.20X", 305441741) = 20
 -> "0000000000001234ABCD"

printf("%.20X", 3989525555U) = 20
 -> "000000000000EDCB5433"

printf("%20.5s", "Hallo heimur") = 20
 -> "               Hallo"

printf("%20.5d", 1024) = 20
 -> "               01024"

printf("%20.5d", -1024) = 20
 -> "              -01024"

printf("%20.5i", 1024) = 20
 -> "               01024"

printf("%20.5i", -1024) = 20
 -> "              -01024"

printf("%20.5u", 1024) = 20
 -> "               01024"

printf("%20.5u", 4294966272U) = 20
 -> "          4294966272"

printf("%20.5o", 511) = 20
 -> "               00777"

printf("%20.5o", 4294966785U) = 20
 -> "         37777777001"

printf("%20.5x", 305441741) = 20
 -> "            1234abcd"

printf("%20.10x", 3989525555U) = 20
 -> "          00edcb5433"

printf("%20.5X", 305441741) = 20
 -> "            1234ABCD"

printf("%20.10X", 3989525555U) = 20
 -> "          00EDCB5433"

printf("%020.5s", "Hallo heimur") = 20
 -> "               Hallo"

printf("%020.5d", 1024) = 20
 -> "               01024"

printf("%020.5d", -1024) = 20
 -> "              -01024"

printf("%020.5i", 1024) = 20
 -> "               01024"

printf("%020.5i", -1024) = 20
 -> "              -01024"

printf("%020.5u", 1024) = 20
 -> "               01024"

printf("%020.5u", 4294966272U) = 20
 -> "          4294966272"

printf("%020.5o", 511) = 20
 -> "               00777"

printf("%020.5o", 4294966785U) = 20
 -> "         37777777001"

printf("%020.5x", 305441741) = 20
 -> "            1234abcd"

printf("%020.10x", 3989525555U) = 20
 -> "          00edcb5433"

printf("%020.5X", 305441741) = 20
 -> "            1234ABCD"

printf("%020.10X", 3989525555U) = 20
 -> "          00EDCB5433"

printf("%.0s", "Hallo heimur") = 0
 -> ""

printf("%20.0s", "Hallo heimur") = 20
 -> "                    "

printf("%.s", "Hallo heimur") = 0
 -> ""

printf("%20.s", "Hallo heimur") = 20
 -> "                    "

printf("%20.0d", 1024) = 20
 -> "                1024"

printf("%20.d", -1024) = 20
 -> "               -1024"

printf("%20.d", 0) = 20
 -> "                    "

printf("%20.0i", 1024) = 20
 -> "                1024"

printf("%20.i", -1024) = 20
 -> "               -1024"

printf("%20.i", 0) = 20
 -> "                    "

printf("%20.u", 1024) = 20
 -> "                1024"

printf("%20.0u", 4294966272U) = 20
 -> "          4294966272"

printf("%20.u", 0U) = 20
 -> "                    "

printf("%20.o", 511) = 20
 -> "                 777"

printf("%20.0o", 4294966785U) = 20
 -> "         37777777001"

printf("%20.o", 0U) = 20
 -> "                    "

printf("%20.x", 305441741) = 20
 -> "            1234abcd"

printf("%20.0x", 3989525555U) = 20
 -> "            edcb5433"

printf("%20.x", 0U) = 20
 -> "                    "

printf("%20.X", 305441741) = 20
 -> "            1234ABCD"

printf("%20.0X", 3989525555U) = 20
 -> "            EDCB5433"

printf("%20.X", 0U) = 20
 -> "                    "

printf("% -0+20.5s", "Hallo heimur") = 20
 -> "Hallo               "

printf("% -0+*.*s", 20, 5, "Hallo heimur") = 20
 -> "Hallo               "

printf("% -0+*.*d", 20, 5, 1024) = 20
 -> "+01024              "

printf("% -0+*.*d", 20, 5, -1024) = 20
 -> "-01024              "

printf("% -0+*.*i", 20, 5, 1024) = 20
 -> "+01024              "

printf("% 0-+*.*i", 20, 5, -1024) = 20
 -> "-01024              "

printf("% 0-+*.*u", 20, 5, 1024) = 20
 -> "01024               "

printf("% 0-+*.*u", 20, 5, 4294966272U) = 20
 -> "4294966272          "

printf("%+ -0*.*o", 20, 5, 511) = 20
 -> "00777               "

printf("%+ -0*.*o", 20, 5, 4294966785U) = 20
 -> "37777777001         "

printf("%+ -0*.*x", 20, 5, 305441741) = 20
 -> "1234abcd            "

printf("%+ -0*.*x", 20, 10, 3989525555U) = 20
 -> "00edcb5433          "

printf("% -+0*.*X", 20, 5, 305441741) = 20
 -> "1234ABCD            "

printf("% -+0*.*X", 20, 10, 3989525555U) = 20
 -> "00EDCB5433          "

printf("%*sx", -3, "hi") = 4
 -> "hi x"

