Server recv: Hello world!
Client recv: Uryyb jbeyq!
Server recv EOF
