TreeSet: 3 13 23 32 42 52 205 888 999 1549 1572877
 - Lowest: 3
 - Lower than 42: 32
 - Lower than or equal to 42: 42
 - Higher than or equal to 42: 42
 - Higher than 42: 52
 - Highest: 1572877
