 - Foo #12 = 42
 - Foo #26 = 23
 - Foo #27 = 13
 - Foo #28 = 666
 - Foo #29 = 3
 - Foo #30 = 5

 - Foo #39 = 1000
 - Foo #38 = 1001
 - Foo #37 = 1002
 - Foo #36 = 1003
 - Foo #40 = 1004
 - Foo #42 = 1005

